------------------------------------------------------------
Timing Analyzer Summary
------------------------------------------------------------

Type  : Slow 1200mV 85C Model Setup 'Clk'
Slack : 4.496
TNS   : 0.000

Type  : Slow 1200mV 85C Model Hold 'Clk'
Slack : 0.404
TNS   : 0.000

Type  : Slow 1200mV 85C Model Recovery 'Clk'
Slack : 16.593
TNS   : 0.000

Type  : Slow 1200mV 85C Model Removal 'Clk'
Slack : 1.903
TNS   : 0.000

Type  : Slow 1200mV 85C Model Minimum Pulse Width 'Clk'
Slack : 4.826
TNS   : 0.000

Type  : Slow 1200mV 0C Model Setup 'Clk'
Slack : 5.717
TNS   : 0.000

Type  : Slow 1200mV 0C Model Hold 'Clk'
Slack : 0.355
TNS   : 0.000

Type  : Slow 1200mV 0C Model Recovery 'Clk'
Slack : 16.661
TNS   : 0.000

Type  : Slow 1200mV 0C Model Removal 'Clk'
Slack : 1.908
TNS   : 0.000

Type  : Slow 1200mV 0C Model Minimum Pulse Width 'Clk'
Slack : 4.810
TNS   : 0.000

Type  : Fast 1200mV 0C Model Setup 'Clk'
Slack : 11.630
TNS   : 0.000

Type  : Fast 1200mV 0C Model Hold 'Clk'
Slack : 0.183
TNS   : 0.000

Type  : Fast 1200mV 0C Model Recovery 'Clk'
Slack : 16.448
TNS   : 0.000

Type  : Fast 1200mV 0C Model Removal 'Clk'
Slack : 1.941
TNS   : 0.000

Type  : Fast 1200mV 0C Model Minimum Pulse Width 'Clk'
Slack : 5.000
TNS   : 0.000

------------------------------------------------------------
